AR addressrouter behavioral /home/ise/Single-Board-Computer/SBC-Address-Router/AddressRouter.vhd sub00/vhpl03 1711072396
AR addressdecoder behavioral /home/ise/Single-Board-Computer/SBC-Address-Router/AddressDecoder.vhd sub00/vhpl02 1711072394
EN addressrouter NULL /home/ise/Single-Board-Computer/SBC-Address-Router/AddressRouter.vhd sub00/vhpl00 1711072395
EN addressdecoder NULL /home/ise/Single-Board-Computer/SBC-Address-Router/AddressDecoder.vhd sub00/vhpl01 1711072393
