V3 7
FL /home/ise/Single-Board-Computer/SBC-Address-Router/AddressDecoder.vhd 2024/03/22.02:07:00 P.20131013
EN work/AddressDecoder 1711072393 \
      FL /home/ise/Single-Board-Computer/SBC-Address-Router/AddressDecoder.vhd \
      PB ieee/std_logic_1164 1381692176
AR work/AddressDecoder/behavioral 1711072394 \
      FL /home/ise/Single-Board-Computer/SBC-Address-Router/AddressDecoder.vhd \
      EN work/AddressDecoder 1711072393
FL /home/ise/Single-Board-Computer/SBC-Address-Router/AddressRouter.vhd 2024/03/22.02:13:13 P.20131013
EN work/AddressRouter 1711072395 \
      FL /home/ise/Single-Board-Computer/SBC-Address-Router/AddressRouter.vhd \
      PB ieee/std_logic_1164 1381692176
AR work/AddressRouter/behavioral 1711072396 \
      FL /home/ise/Single-Board-Computer/SBC-Address-Router/AddressRouter.vhd \
      EN work/AddressRouter 1711072395 CP AddressDecoder
