V3 10
FL /home/ise/Single-Board-Computer/SBC-Address-Router/AddressDecoder.vhd 2024/03/29.04:31:56 P.20131013
EN work/AddressDecoder 1711938401 \
      FL /home/ise/Single-Board-Computer/SBC-Address-Router/AddressDecoder.vhd \
      PB ieee/std_logic_1164 1381692176
AR work/AddressDecoder/basic 1711938402 \
      FL /home/ise/Single-Board-Computer/SBC-Address-Router/AddressDecoder.vhd \
      EN work/AddressDecoder 1711938401
AR work/AddressDecoder/complete 1711938403 \
      FL /home/ise/Single-Board-Computer/SBC-Address-Router/AddressDecoder.vhd \
      EN work/AddressDecoder 1711938401
FL /home/ise/Single-Board-Computer/SBC-Address-Router/AddressRouter.vhd 2024/04/01.02:26:10 P.20131013
EN work/AddressRouter 1711938406 \
      FL /home/ise/Single-Board-Computer/SBC-Address-Router/AddressRouter.vhd \
      PB ieee/std_logic_1164 1381692176
AR work/AddressRouter/behavioral 1711938407 \
      FL /home/ise/Single-Board-Computer/SBC-Address-Router/AddressRouter.vhd \
      EN work/AddressRouter 1711938406 AR work/AddressDecoder/complete 1711938403 \
      AR work/Reset/stock 1711938405
FL /home/ise/Single-Board-Computer/SBC-Address-Router/Reset.vhd 2024/03/29.02:31:21 P.20131013
EN work/Reset 1711938404 \
      FL /home/ise/Single-Board-Computer/SBC-Address-Router/Reset.vhd \
      PB ieee/std_logic_1164 1381692176 PB ieee/NUMERIC_STD 1381692181
AR work/Reset/stock 1711938405 \
      FL /home/ise/Single-Board-Computer/SBC-Address-Router/Reset.vhd \
      EN work/Reset 1711938404
