V3 7
FL /home/ise/Single-Board-Computer/SBC-Address-Router/AddressDecoder.vhd 2024/03/22.02:07:00 P.20131013
EN work/AddressDecoder 1711119126 \
      FL /home/ise/Single-Board-Computer/SBC-Address-Router/AddressDecoder.vhd \
      PB ieee/std_logic_1164 1381692176
AR work/AddressDecoder/behavioral 1711119127 \
      FL /home/ise/Single-Board-Computer/SBC-Address-Router/AddressDecoder.vhd \
      EN work/AddressDecoder 1711119126
FL /home/ise/Single-Board-Computer/SBC-Address-Router/AddressRouter.vhd 2024/03/22.14:43:40 P.20131013
EN work/AddressRouter 1711119128 \
      FL /home/ise/Single-Board-Computer/SBC-Address-Router/AddressRouter.vhd \
      PB ieee/std_logic_1164 1381692176
AR work/AddressRouter/behavioral 1711119129 \
      FL /home/ise/Single-Board-Computer/SBC-Address-Router/AddressRouter.vhd \
      EN work/AddressRouter 1711119128 CP AddressDecoder
